// Jest Snapshot v1, https://goo.gl/fbAQLP

exports[`RandomDog RandomDog component should match snapshot 1`] = `"wrapper"`;
