// Jest Snapshot v1, https://goo.gl/fbAQLP

exports[`TodoItem TodoItem component should match snapshot 1`] = `"wrapper"`;
